Turbo Assembler	 Version 3.0	    12/01/20 19:01:38	    Page 1
p16.ASM



      1	0000			     .model small
      2	0000			     .stack 100
      3	0000			     .data
      4	0000  00A0			     var1 dw 0A0h
      5	0002  C7			     var2 db 0C7h
      6	0003  39 34 33 34 34		     tabc db '94344'
      7	0008			     .code
      8	0000			     program:
      9					     ; muta adresa segmentului de date in DS
     10	0000				     initializare:
     11	0000  B8 0000s				     mov ax, @data
     12	0003  8E D8				     mov ds, ax
     13	0005				     start:
     14	0005  A1 0000r				     MOV AX, var1
     15	0008  8B 1E 0002r			     MOV BX, WORD PTR var2
     16	000C  03 C3				     ADD AX, BX
     17	000E  F7 D0				     NOT AX
     18	0010  50				     PUSH AX
     19	0011  83 F3 01				     XOR BX, 01h
     20	0014  BB 39C8				     MOV BX, 39C8h
     21	0017  53				     PUSH BX
     22	0018  93				     XCHG AX, BX
     23	0019  25 000F				     AND AX, 0Fh
     24	001C  D1 E8 D1 E8			     SHR AX, 2h
     25	0020  3D 000A				     CMP AX, 0Ah
     26	0023  7E 01				     JLE salt
     27	0025  43				     INC BX
     28	0026  B0 00				     salt: MOV AL, 00h
     29	0028  BB 0003r				     MOV BX, offset tabc
     30	002B  D7				     XLAT
     31	002C  58				     POP AX
     32	002D  5B				     POP BX
     33					     ; iesire din program
     34	002E				     sfarsit:
     35	002E  B4 4C				     mov ah, 4Ch     ; functia DOS de iesire din program
     36	0030  CD 21				     int 21h
     37				     end program
Turbo Assembler	 Version 3.0	    12/01/20 19:01:38	    Page 2
Symbol Table




Symbol Name			  Type	 Value

??DATE				  Text	 "12/01/20"
??FILENAME			  Text	 "p16	  "
??TIME				  Text	 "19:01:38"
??VERSION			  Number 0300
@32BIT				  Text	 0
@CODE				  Text	 _TEXT
@CODESIZE			  Text	 0
@CPU				  Text	 0101H
@CURSEG				  Text	 _TEXT
@DATA				  Text	 DGROUP
@DATASIZE			  Text	 0
@FILENAME			  Text	 P16
@INTERFACE			  Text	 00H
@MODEL				  Text	 2
@STACK				  Text	 DGROUP
@WORDSIZE			  Text	 2
INITIALIZARE			  Near	 _TEXT:0000
PROGRAM				  Near	 _TEXT:0000
SALT				  Near	 _TEXT:0026
SFARSIT				  Near	 _TEXT:002E
START				  Near	 _TEXT:0005
TABC				  Byte	 DGROUP:0003
VAR1				  Word	 DGROUP:0000
VAR2				  Byte	 DGROUP:0002

Groups & Segments		  Bit Size Align  Combine Class

DGROUP				  Group
  STACK				  16  0064 Para	  Stack	  STACK
  _DATA				  16  0008 Word	  Public  DATA
_TEXT				  16  0032 Word	  Public  CODE
