Turbo Assembler	 Version 3.0	    12/06/20 17:48:07	    Page 1
l7c1.ASM



      1	0000			     .model small
      2	0000			     .stack 100
      3	0000			     .data
      4	0000  44444444			     demp dd 44444444h
      5	0004  1111			     imp dw 1111h
      6	0006  ????????			     cat dd ?
      7	000A  ????			     rest dw ?
      8	000C			     .code
      9	0000			     divc proc
     10	0000  83 FB 00			     cmp bx, 0
     11	0003  75 02			     jnz divc1
     12	0005  CD 00			     int 0
     13	0007			     divc1:
     14	0007  06			     push es
     15	0008  57			     push di
     16	0009  51			     push cx
     17	000A  BF 0000			     mov di, 0
     18	000D  8E C7			     mov es, di
     19	000F  26: FF 35			     push es:[di]
     20	0012  26: FF 75	02		     push es:[di + 2]
     21	0016  26: C7 05	002Er		     mov word ptr es:[di], offset trat_0
     22	001B  26: 8C 4D	02		     mov es:[di	+ 2], cs
     23	001F  F7 F3			     div bx
     24	0021  2B DB			     sub bx, bx
     25	0023			     revenire:
     26	0023  26: 8F 45	02		     pop es:[di	+ 2]
     27	0027  26: 8F 05			     pop es:[di]
     28	002A  59			     pop cx
     29	002B  5F			     pop di
     30	002C  07			     pop es
     31	002D  C3			     ret
     32	002E			     trat_0 proc far
     33	002E  55			     push bp
     34	002F  8B EC			     mov bp, sp
     35	0031  C7 46 02 0023r		     mov word ptr [bp +	2], offset revenire
     36	0036  50			     push ax
     37	0037  8B C2			     mov ax, dx
     38	0039  2B D2			     sub dx, dx
     39	003B  F7 F3			     div bx
     40	003D  59			     pop cx
     41	003E  50			     push ax
     42	003F  8B C1			     mov ax, cx
     43	0041  F7 F3			     div bx
     44	0043  5B			     pop bx
     45	0044  5D			     pop bp
     46	0045  CF			     iret
     47	0046			     trat_0 endp
     48	0046			     divc endp
     49	0046			     start:
     50	0046  B8 0000s			     mov ax, @data
     51	0049  8E D8			     mov ds, ax
     52	004B  A1 0000r			     mov ax, word ptr demp
     53	004E  8B 16 0002r		     mov dx, word ptr demp + 2
     54	0052  8B 1E 0004r		     mov bx, imp
     55	0056  E8 FFA7			     call divc
     56	0059  A3 0006r			     mov word ptr cat, ax
     57	005C  89 1E 0008r		     mov word ptr cat +	2, bx
Turbo Assembler	 Version 3.0	    12/06/20 17:48:07	    Page 2
l7c1.ASM



     58	0060  89 16 000Ar		     mov rest, dx
     59	0064  B4 4C			     mov ah, 4Ch
     60	0066  CD 21			     int 21h
     61				     end start
Turbo Assembler	 Version 3.0	    12/06/20 17:48:07	    Page 3
Symbol Table




Symbol Name			  Type	 Value

??DATE				  Text	 "12/06/20"
??FILENAME			  Text	 "l7c1	  "
??TIME				  Text	 "17:48:07"
??VERSION			  Number 0300
@32BIT				  Text	 0
@CODE				  Text	 _TEXT
@CODESIZE			  Text	 0
@CPU				  Text	 0101H
@CURSEG				  Text	 _TEXT
@DATA				  Text	 DGROUP
@DATASIZE			  Text	 0
@FILENAME			  Text	 L7C1
@INTERFACE			  Text	 00H
@MODEL				  Text	 2
@STACK				  Text	 DGROUP
@WORDSIZE			  Text	 2
CAT				  Dword	 DGROUP:0006
DEMP				  Dword	 DGROUP:0000
DIVC				  Near	 _TEXT:0000
DIVC1				  Near	 _TEXT:0007
IMP				  Word	 DGROUP:0004
REST				  Word	 DGROUP:000A
REVENIRE			  Near	 _TEXT:0023
START				  Near	 _TEXT:0046
TRAT_0				  Far	 _TEXT:002E

Groups & Segments		  Bit Size Align  Combine Class

DGROUP				  Group
  STACK				  16  0064 Para	  Stack	  STACK
  _DATA				  16  000C Word	  Public  DATA
_TEXT				  16  0068 Word	  Public  CODE
