Turbo Assembler	 Version 3.0	    10/25/20 15:46:11	    Page 1
lab3.ASM



      1	0000			     .model small
      2	0000			     .stack 100
      3	0000			     .data
      4	0000  145A789F			     a DD 145A789Fh
      5	0004  92457ABC			     b DD 92457ABCh
      6	0008  ????????			     c DD ?
      7	000C			     .code
      8	0000  B8 0000s			     mov AX, @data
      9	0003  8E D8			     mov DS,AX
     10	0005  A1 0000r			     mov AX, word ptr a
     11	0008  03 06 0004r		     ADD AX, word ptr b
     12	000C  A3 0008r			     mov word ptr c, AX
     13	000F  A1 0002r			     mov AX, word ptr a[2]
     14	0012  03 06 0006r		     ADD AX, word ptr b[2]
     15	0016  A3 000Ar			     mov word ptr c[2],	AX
     16	0019  B4 4C			     mov AH, 4Ch
     17	001B  CD 21			     int 21h
     18				     end
Turbo Assembler	 Version 3.0	    10/25/20 15:46:11	    Page 2
Symbol Table




Symbol Name			  Type	 Value

??DATE				  Text	 "10/25/20"
??FILENAME			  Text	 "lab3	  "
??TIME				  Text	 "15:46:11"
??VERSION			  Number 0300
@32BIT				  Text	 0
@CODE				  Text	 _TEXT
@CODESIZE			  Text	 0
@CPU				  Text	 0101H
@CURSEG				  Text	 _TEXT
@DATA				  Text	 DGROUP
@DATASIZE			  Text	 0
@FILENAME			  Text	 LAB3
@INTERFACE			  Text	 00H
@MODEL				  Text	 2
@STACK				  Text	 DGROUP
@WORDSIZE			  Text	 2
A				  Dword	 DGROUP:0000
B				  Dword	 DGROUP:0004
C				  Dword	 DGROUP:0008

Groups & Segments		  Bit Size Align  Combine Class

DGROUP				  Group
  STACK				  16  0064 Para	  Stack	  STACK
  _DATA				  16  000C Word	  Public  DATA
_TEXT				  16  001D Word	  Public  CODE
