Turbo Assembler	 Version 3.0	    10/30/20 13:08:33	    Page 1
e1.ASM



      1	0000			     .model small
      2	0000			     .stack 100
      3	0000			     .data
      4
      5	0000			     .code
      6					     ; muta adresa segmentului de date in DS
      7	0000				     initializare:
      8	0000  B8 0000s				     mov ax, @data
      9	0003  8E D8				     mov ds, ax
     10	0005				     start:
     11						     ; functia DOS pentru stocarea caracterului
     12						     ; citit de	la tastatura in	registrul AL
     13	0005  B0 01				     mov al, 01h
     14	0007  CD 21				     int 21h
     15	0009  8A D8				     mov bl, al		     ; salvam caracterul citit de la tastatura
     16
     17						     ; functia DOS pentru afişarea caracterului din DL
     18						     ;mov ah, 02h
     19						     ; afisarea	caracterului 10	decimal	(sau A hexa)
     20						     ; acest caracter reprezinta o linie noua (newline)
     21						     ;mov dl, 10
     22						     ;int 21h
     23
     24						     ; functia DOS pentru afişarea caracterului din DL
     25	000B  B4 02				     mov ah, 02h
     26	000D  8A D3				     mov dl, bl		     ; incarcam	valoarea citita	de la tastatura	in DL
     27	000F  CD 21				     int 21h
     28
     29					     ; iesire din program
     30	0011				     sfarsit:
     31	0011  B4 4C				     mov ah, 4ch     ; functia DOS de iesire in	sistemul de operare
     32	0013  CD 21				     int 21h
     33				     end
Turbo Assembler	 Version 3.0	    10/30/20 13:08:33	    Page 2
Symbol Table




Symbol Name			  Type	 Value

??DATE				  Text	 "10/30/20"
??FILENAME			  Text	 "e1	  "
??TIME				  Text	 "13:08:33"
??VERSION			  Number 0300
@32BIT				  Text	 0
@CODE				  Text	 _TEXT
@CODESIZE			  Text	 0
@CPU				  Text	 0101H
@CURSEG				  Text	 _TEXT
@DATA				  Text	 DGROUP
@DATASIZE			  Text	 0
@FILENAME			  Text	 E1
@INTERFACE			  Text	 00H
@MODEL				  Text	 2
@STACK				  Text	 DGROUP
@WORDSIZE			  Text	 2
INITIALIZARE			  Near	 _TEXT:0000
SFARSIT				  Near	 _TEXT:0011
START				  Near	 _TEXT:0005

Groups & Segments		  Bit Size Align  Combine Class

DGROUP				  Group
  STACK				  16  0064 Para	  Stack	  STACK
  _DATA				  16  0000 Word	  Public  DATA
_TEXT				  16  0015 Word	  Public  CODE
