Turbo Assembler	 Version 3.0	    11/29/20 12:31:04	    Page 1
l6c1.ASM



      1	0000			     cseg1 SEGMENT
      2	0000				     proc1 PROC
      3	0000				     proc1 ENDP
      4	0000			     cseg1 ENDS
      5	0000			     cseg2 SEGMENT
      6	0000				     proc2 PROC
      7	0000				     proc2 ENDP
      8	0000			     cseg2 ENDS
      9
     10	0000			     dseg1 SEGMENT
     11	0000  ??			     alfa1 db ?
     12	0001  ??			     beta1 db ?
     13	0002			     dseg1 ENDS
     14	0000			     dseg2 SEGMENT
     15	0000  ??			     alfa2 db ?
     16	0001  ??			     beta2 db ?
     17	0002			     dseg2 ENDS
     18
     19				     dgroup GROUP dseg1, dseg2
     20				     cgroup GROUP cseg,	cseg1, cseg2
     21
     22	0000			     cseg SEGMENT
     23					     ASSUME cs:cgroup, ds: dgroup
     24					     ; muta adresa de inceput a	grupului de date in DS
     25	0000  B8 0000r			     mov ax, offset dgroup:alfa1
     26	0003  BB 0001r			     mov bx, offset dgroup:beta1
     27	0006  B9 0000r			     mov cx, offset dgroup:alfa2
     28	0009  BA 0001r			     mov dx, offset dgroup:beta2
     29	000C  B8 0000s			     mov ax, dgroup
     30	000F  8E D8			     mov ds, ax
     31	0011				     start:
     32	0011  A0 0001r				     mov al, beta1
     33	0014  8A 1E 0001r			     mov bl, beta2
     34	0018  E8 0000r				     call proc1
     35	001B  E8 0000r				     call proc2
     36	001E			     cseg ENDS
     37
     38				     END
Turbo Assembler	 Version 3.0	    11/29/20 12:31:04	    Page 2
Symbol Table




Symbol Name			  Type	 Value

??DATE				  Text	 "11/29/20"
??FILENAME			  Text	 "l6c1	  "
??TIME				  Text	 "12:31:04"
??VERSION			  Number 0300
@CPU				  Text	 0101H
@CURSEG				  Text	 CSEG
@FILENAME			  Text	 L6C1
@WORDSIZE			  Text	 2
ALFA1				  Byte	 DSEG1:0000
ALFA2				  Byte	 DSEG2:0000
BETA1				  Byte	 DSEG1:0001
BETA2				  Byte	 DSEG2:0001
PROC1				  Near	 CSEG1:0000
PROC2				  Near	 CSEG2:0000
START				  Near	 CSEG:0011

Groups & Segments		  Bit Size Align  Combine Class

CGROUP				  Group
  CSEG				  16  001E Para	  none
  CSEG1				  16  0000 Para	  none
  CSEG2				  16  0000 Para	  none
DGROUP				  Group
  DSEG1				  16  0002 Para	  none
  DSEG2				  16  0002 Para	  none
