Turbo Assembler	 Version 3.0	    11/24/20 18:14:39	    Page 1
l6a2.ASM



      1				     adunare32Biti MACRO adr1, adr2, adrRez
      2					     mov ax, word ptr [adr1]
      3					     add ax, word ptr [adr2]
      4					     mov word ptr [adrRez], ax
      5					     mov ax, word ptr [adr1 + 2]
      6					     adc ax, word ptr [adr2 + 2]
      7					     mov word ptr [adrRez + 2],	ax
      8				     ENDM
      9
     10	0000			     .model small
     11	0000			     .stack 100
     12	0000			     .data
     13	0000  0000FFFF			     nr1 dd 0000FFFFh
     14	0004  00000001			     nr2 dd 00000001h
     15	0008  ????????			     rez dd ?
     16	000C  03			     t1	db 3
     17	000D  04			     t2	db 4
     18	000E			     .code
     19	0000				     program:
     20					     ; muta adresa segmentului de date in DS
     21	0000				     initializare:
     22	0000  B8 0000s				     mov ax, @data
     23	0003  8E D8				     mov ds, ax
     24	0005				     start:
     25						     adunare32Biti nr1,	nr2, rez
1    26	0005  A1 0000r			     mov ax, word ptr [nr1]
1    27	0008  03 06 0004r		     add ax, word ptr [nr2]
1    28	000C  A3 0008r			     mov word ptr [rez], ax
1    29	000F  A1 0002r			     mov ax, word ptr [nr1 + 2]
1    30	0012  13 06 0006r		     adc ax, word ptr [nr2 + 2]
1    31	0016  A3 000Ar			     mov word ptr [rez + 2], ax
     32						     ;adunare32Biti ax,	bx
     33					     ; iesire din program
     34	0019				     sfarsit:
     35	0019  B4 4C				     mov ah, 4Ch     ; functia DOS de iesire din program
     36	001B  CD 21				     int 21h
     37				     end program
Turbo Assembler	 Version 3.0	    11/24/20 18:14:39	    Page 2
Symbol Table




Symbol Name			  Type	 Value

??DATE				  Text	 "11/24/20"
??FILENAME			  Text	 "l6a2	  "
??TIME				  Text	 "18:14:39"
??VERSION			  Number 0300
@32BIT				  Text	 0
@CODE				  Text	 _TEXT
@CODESIZE			  Text	 0
@CPU				  Text	 0101H
@CURSEG				  Text	 _TEXT
@DATA				  Text	 DGROUP
@DATASIZE			  Text	 0
@FILENAME			  Text	 L6A2
@INTERFACE			  Text	 00H
@MODEL				  Text	 2
@STACK				  Text	 DGROUP
@WORDSIZE			  Text	 2
INITIALIZARE			  Near	 _TEXT:0000
NR1				  Dword	 DGROUP:0000
NR2				  Dword	 DGROUP:0004
PROGRAM				  Near	 _TEXT:0000
REZ				  Dword	 DGROUP:0008
SFARSIT				  Near	 _TEXT:0019
START				  Near	 _TEXT:0005
T1				  Byte	 DGROUP:000C
T2				  Byte	 DGROUP:000D

Macro Name

ADUNARE32BITI

Groups & Segments		  Bit Size Align  Combine Class

DGROUP				  Group
  STACK				  16  0064 Para	  Stack	  STACK
  _DATA				  16  000E Word	  Public  DATA
_TEXT				  16  001D Word	  Public  CODE
