Turbo Assembler	 Version 3.0	    11/26/20 16:29:00	    Page 1
l6e1.ASM



      1	0000			     .model small
      2	0000			     .stack 100
      3	0000			     data1 SEGMENT BYTE
      4	0000  05*(05)			     v1	db 5 dup (5)
      5	0005			     data1 ENDS
      6
      7	0000			     data2 SEGMENT WORD
      8	0000  02*(????)			     v2	dw 2 dup(?)
      9	0004  1111			     v10 dw 1111h
     10	0006			     data2 ENDS
     11
     12	0000			     data3 SEGMENT byte
     13	0000  0064			     v3	dw 100
     14	0002			     data3 ENDS
     15	0000			     data4 SEGMENT PAGE
     16	0000  6B 65 6B 31		     v4	db 'kek1'
     17	0004			     data4 ENDS
     18	0000			     data5 SEGMENT PAGE
     19	0000  6B 65 6B 32		     v5	db 'kek2'
     20	0004			     data5 ENDS
     21				     dgrup GROUP data1,	data2, data3
     22	0000			     cod SEGMENT
     23					     ASSUME CS:	cod, DS: dgrup,	ES: data4
     24	0000				     program:
     25					     ; muta adresa segmentului de date in DS
     26	0000				     initializare:
     27	0000  B8 0000s				     mov ax, data1
     28	0003  8E D8				     mov ds, ax
     29	0005  A1 0000r				     mov ax, v2
     30	0008  BB 0000s				     mov bx, data3
     31	000B  8E C3				     mov es, bx
     32	000D  8B 1E 0000r			     mov bx, v3
     33	0011				     start:
     34
     35					     ; iesire din program
     36	0011				     sfarsit:
     37	0011  B4 4C				     mov ah, 4Ch     ; functia DOS de iesire din program
     38	0013  CD 21				     int 21h
     39	0015			     cod ENDS
     40				     end program
Turbo Assembler	 Version 3.0	    11/26/20 16:29:00	    Page 2
Symbol Table




Symbol Name			  Type	 Value

??DATE				  Text	 "11/26/20"
??FILENAME			  Text	 "l6e1	  "
??TIME				  Text	 "16:29:00"
??VERSION			  Number 0300
@32BIT				  Text	 0
@CODE				  Text	 _TEXT
@CODESIZE			  Text	 0
@CPU				  Text	 0101H
@CURSEG				  Text	 COD
@DATA				  Text	 DGROUP
@DATASIZE			  Text	 0
@FILENAME			  Text	 L6E1
@INTERFACE			  Text	 00H
@MODEL				  Text	 2
@STACK				  Text	 DGROUP
@WORDSIZE			  Text	 2
INITIALIZARE			  Near	 COD:0000
PROGRAM				  Near	 COD:0000
SFARSIT				  Near	 COD:0011
START				  Near	 COD:0011
V1				  Byte	 DGRUP:0000
V10				  Word	 DGRUP:0004
V2				  Word	 DGRUP:0000
V3				  Word	 DGRUP:0000
V4				  Byte	 DATA4:0000
V5				  Byte	 DATA5:0000

Groups & Segments		  Bit Size Align  Combine Class

COD				  16  0015 Para	  none
DATA4				  16  0004 Page	  none
DATA5				  16  0004 Page	  none
DGROUP				  Group
  STACK				  16  0064 Para	  Stack	  STACK
  _DATA				  16  0000 Word	  Public  DATA
DGRUP				  Group
  DATA1				  16  0005 Byte	  none
  DATA2				  16  0006 Word	  none
  DATA3				  16  0002 Byte	  none
_TEXT				  16  0000 Word	  Public  CODE
