Turbo Assembler	 Version 3.0	    12/03/20 20:25:51	    Page 1
l6p5.ASM



      1				     arie_dreptunghi MACRO dr
      2					     mov ah, 0
      3					     mov al, dr.latime
      4					     mul dr.lungime
      5				     ENDM
      6
      7
      8	0000			     .model small
      9	0000			     .stack 100
     10	0000			     .data
     11	*000				     dreptunghi	STRUC
     12	*000  01*(64)				     latime db 100
     13	*001  01*(0190)				     lungime dw	400
     14	*003				     dreptunghi	ENDS
     15	0000  64 01F4			     d1	dreptunghi <, 500>
     16	0003  C8 0190			     d2	dreptunghi <200, >
     17	0006  FF FFFF			     d3	dreptunghi <255, 65535>
     18	0009			     .code
     19	0000				     program:
     20					     ; muta adresa segmentului de date in DS
     21	0000				     initializare:
     22	0000  B8 0000s				     mov ax, @data
     23	0003  8E D8				     mov ds, ax
     24	0005				     start:
     25	0005  B4 00				     mov ah, 0
     26	0007  A0 0000r				     mov al, d1.latime
     27	000A  F7 26 0001r			     mul d1.lungime
     28	000E  B4 00				     mov ah, 0
     29	0010  A0 0003r				     mov al, d2.latime
     30	0013  F7 26 0004r			     mul d2.lungime
     31	0017  CC				     int 3
     32	0018  B4 00				     mov ah, 0
     33	001A  A0 0006r				     mov al, d3.latime
     34	001D  F7 26 0007r			     mul d3.lungime
     35					     ; iesire din program
     36	0021				     sfarsit:
     37	0021  B4 4C				     mov ah, 4Ch     ; functia DOS de iesire din program
     38	0023  CD 21				     int 21h
     39				     end program
Turbo Assembler	 Version 3.0	    12/03/20 20:25:51	    Page 2
Symbol Table




Symbol Name			  Type	 Value

??DATE				  Text	 "12/03/20"
??FILENAME			  Text	 "l6p5	  "
??TIME				  Text	 "20:25:51"
??VERSION			  Number 0300
@32BIT				  Text	 0
@CODE				  Text	 _TEXT
@CODESIZE			  Text	 0
@CPU				  Text	 0101H
@CURSEG				  Text	 _TEXT
@DATA				  Text	 DGROUP
@DATASIZE			  Text	 0
@FILENAME			  Text	 L6P5
@INTERFACE			  Text	 00H
@MODEL				  Text	 2
@STACK				  Text	 DGROUP
@WORDSIZE			  Text	 2
D1				  Struct DGROUP:0000 DREPTUNGHI
D2				  Struct DGROUP:0003 DREPTUNGHI
D3				  Struct DGROUP:0006 DREPTUNGHI
INITIALIZARE			  Near	 _TEXT:0000
PROGRAM				  Near	 _TEXT:0000
SFARSIT				  Near	 _TEXT:0021
START				  Near	 _TEXT:0005

Macro Name

ARIE_DREPTUNGHI

Structure Name			  Type	Offset

DREPTUNGHI
 LATIME				  Byte	 0000
 LUNGIME			  Word	 0001

Groups & Segments		  Bit Size Align  Combine Class

DGROUP				  Group
  STACK				  16  0064 Para	  Stack	  STACK
  _DATA				  16  0009 Word	  Public  DATA
_TEXT				  16  0025 Word	  Public  CODE
