Turbo Assembler	 Version 3.0	    11/08/20 18:01:52	    Page 1
l5a2.ASM



      1	0000			     .model small
      2	0000			     .stack 100
      3	0000			     .data
      4	0000  31 32 33 34 35 36	2E+	     sir db '123456.89'
      5	      38 39
      6	0009			     .code
      7	0000				     program:
      8					     ; muta adresa segmentului de date in DS
      9	0000				     initializare:
     10	0000  B8 0000s				     mov ax, @data
     11	0003  8E D8				     mov ds, ax
     12	0005  8E C0				     mov es, ax
     13	0007  FC				     cld
     14	0008  BF 0000r				     lea di, sir
     15	000B  B9 0009				     mov cx, 9
     16	000E  B0 2E				     mov al, '.'
     17	0010				     start:
     18	0010  F2> AE				     repnz scasb
     19	0012  81 EF 0000r			     sub di, offset sir
     20	0016  83 C7 30				     add di, '0'
     21	0019  8B D7				     mov dx, di
     22	001B  B4 02				     mov ah, 02h
     23	001D  CD 21				     int 21h
     24					     ; iesire din program
     25	001F				     sfarsit:
     26	001F  B4 4C				     mov ah, 4Ch     ; functia DOS de iesire din program
     27	0021  CD 21				     int 21h
     28				     end program
Turbo Assembler	 Version 3.0	    11/08/20 18:01:52	    Page 2
Symbol Table




Symbol Name			  Type	 Value

??DATE				  Text	 "11/08/20"
??FILENAME			  Text	 "l5a2	  "
??TIME				  Text	 "18:01:52"
??VERSION			  Number 0300
@32BIT				  Text	 0
@CODE				  Text	 _TEXT
@CODESIZE			  Text	 0
@CPU				  Text	 0101H
@CURSEG				  Text	 _TEXT
@DATA				  Text	 DGROUP
@DATASIZE			  Text	 0
@FILENAME			  Text	 L5A2
@INTERFACE			  Text	 00H
@MODEL				  Text	 2
@STACK				  Text	 DGROUP
@WORDSIZE			  Text	 2
INITIALIZARE			  Near	 _TEXT:0000
PROGRAM				  Near	 _TEXT:0000
SFARSIT				  Near	 _TEXT:001F
SIR				  Byte	 DGROUP:0000
START				  Near	 _TEXT:0010

Groups & Segments		  Bit Size Align  Combine Class

DGROUP				  Group
  STACK				  16  0064 Para	  Stack	  STACK
  _DATA				  16  0009 Word	  Public  DATA
_TEXT				  16  0023 Word	  Public  CODE
