Turbo Assembler	 Version 3.0	    11/01/20 14:42:23	    Page 1
HW_LHRM.ASM



      1	0000			     .model small
      2	0000			     .stack 100
      3	0000			     .data
      4	0000  154A789F			 tabel1	dd 154A789Fh
      5	0004  92457ABC			 tabel2	dd 92457ABCh
      6	0008  00000000			 rezultat dd 0h
      7	000C			     .code
      8	0000  B8 0000s			     mov ax,@data
      9	0003  8E D8			     mov ds, ax
     10	0005  B0 00			     mov al,0
     11	0007				     start:
     12
     13	0007  8B 1E 0000r		     mov bx, word ptr tabel1
     14	000B  03 1E 0004r		     add bx, word ptr tabel2
     15	000F  89 1E 0008r		     mov word ptr rezultat, bx
     16	0013  8B 1E 0002r		     mov bx, word ptr tabel1+2
     17	0017  13 1E 0006r		     adc bx, word ptr tabel2+2
     18	001B  89 1E 000Ar		     mov word ptr rezultat+2, bx
     19
     20	001F				     afisare proc
     21	001F  8A D0			     mov dl, al
     22	0021  B4 02			     mov ah, 2h
     23	0023  CD 21			     int 21h
     24	0025  C3			     ret
     25	0026				     afisare endp
     26
     27	0026				     sfarsit:
     28	0026  B4 4C			     mov ah, 4ch
     29	0028  CD 21			     int 21h
     30				     end
Turbo Assembler	 Version 3.0	    11/01/20 14:42:23	    Page 2
Symbol Table




Symbol Name			  Type	 Value

??DATE				  Text	 "11/01/20"
??FILENAME			  Text	 "HW_LHRM "
??TIME				  Text	 "14:42:23"
??VERSION			  Number 0300
@32BIT				  Text	 0
@CODE				  Text	 _TEXT
@CODESIZE			  Text	 0
@CPU				  Text	 0101H
@CURSEG				  Text	 _TEXT
@DATA				  Text	 DGROUP
@DATASIZE			  Text	 0
@FILENAME			  Text	 HW_LHRM
@INTERFACE			  Text	 00H
@MODEL				  Text	 2
@STACK				  Text	 DGROUP
@WORDSIZE			  Text	 2
AFISARE				  Near	 _TEXT:001F
REZULTAT			  Dword	 DGROUP:0008
SFARSIT				  Near	 _TEXT:0026
START				  Near	 _TEXT:0007
TABEL1				  Dword	 DGROUP:0000
TABEL2				  Dword	 DGROUP:0004

Groups & Segments		  Bit Size Align  Combine Class

DGROUP				  Group
  STACK				  16  0064 Para	  Stack	  STACK
  _DATA				  16  000C Word	  Public  DATA
_TEXT				  16  002A Word	  Public  CODE
