Turbo Assembler	 Version 3.0	    10/25/20 08:08:07	    Page 1
l3e1.ASM



      1	0000			     .model small
      2	0000			     .stack 100
      3	0000			     .data
      4
      5	0000			     .code
      6					     ; muta adresa segmentului de date in DS
      7	0000				     initializare:
      8	0000  B8 0000s				     MOV ax, @data
      9	0003  8E D8				     MOV ds, ax
     10	0005				     start:
     11						     ; MOV ax, 02h;
     12						     ; MOV bx, 05h;
     13					     ; instructiunea_ADD:
     14						     ; ; ADD - aduna
     15						     ; ; ADD dest, sursa
     16						     ; ; dest <- dest +	sursa
     17						     ; ADD ax, bx;	 ; AX =	AX(02h)	+ BX(05h) => AX	= 07h
     18					     ; instructiunea_ADC:
     19						     ; MOV ax, 0FFh;
     20						     ; MOV bx, 1;
     21						     ; ; ADC (ADD with Carry)
     22						     ; ; ADC dest, sursa
     23						     ; ; dest <- dest +	sursa +	CF (Carry Flag)
     24						     ; ADC ax, bx
     25						     ; MOV ax, 0FFh;
     26						     ; MOV bx, 2;
     27						     ; ; ADC (ADD with Carry)
     28						     ; ; ADC dest, sursa
     29						     ; ; dest <- dest +	sursa +	CF (Carry Flag)
     30						     ; ADC al, Bl
     31						     ; ADC al, 0
     32						     ; ADC al, 0
     33					     ; instructiunea_INC:
     34						     ; ; INC (Increment) - incrementeaza
     35						     ; ; INC dest
     36						     ; ; INC dest <- dest + 1
     37						     ; INC dl
     38						     ; INC dl
     39						     ; INC dl
     40					     ; iesire din program
     41	0005				     sfarsit:
     42	0005  B4 4C				     MOV ah, 4ch     ; functia DOS de iesire in	sistemul de operare
     43	0007  CD 21				     INT 21h
     44				     end
Turbo Assembler	 Version 3.0	    10/25/20 08:08:07	    Page 2
Symbol Table




Symbol Name			  Type	 Value

??DATE				  Text	 "10/25/20"
??FILENAME			  Text	 "l3e1	  "
??TIME				  Text	 "08:08:07"
??VERSION			  Number 0300
@32BIT				  Text	 0
@CODE				  Text	 _TEXT
@CODESIZE			  Text	 0
@CPU				  Text	 0101H
@CURSEG				  Text	 _TEXT
@DATA				  Text	 DGROUP
@DATASIZE			  Text	 0
@FILENAME			  Text	 L3E1
@INTERFACE			  Text	 00H
@MODEL				  Text	 2
@STACK				  Text	 DGROUP
@WORDSIZE			  Text	 2
INITIALIZARE			  Near	 _TEXT:0000
SFARSIT				  Near	 _TEXT:0005
START				  Near	 _TEXT:0005

Groups & Segments		  Bit Size Align  Combine Class

DGROUP				  Group
  STACK				  16  0064 Para	  Stack	  STACK
  _DATA				  16  0000 Word	  Public  DATA
_TEXT				  16  0009 Word	  Public  CODE
