Turbo Assembler	 Version 3.0	    10/22/20 21:21:12	    Page 1
tema2.ASM



      1	0000			     .model small
      2	0000			     .stack 100
      3	0000			     .data
      4	0000  41 6C 65 78 61 6E	64+	     nume db 'Alexandru	Matei'
      5	      72 75 20 4D 61 74	65+
      6	      69
      7	000F			     .code
      8					     ; muta adresa segmentului de date in DS
      9	0000				     initializare:
     10	0000  B8 0000s				     mov ax, @data
     11	0003  8E D8				     mov ds, ax
     12	0005				     start:
     13	0005  A1 0000r				     mov ax, word ptr nume
     14	0008  50				     push ax
     15	0009  8B 1E 0002r			     mov bx, word ptr nume[2]
     16	000D  53				     push bx
     17	000E  8B EC				     mov bp, sp
     18	0010  8B 0E 0004r			     mov cx, word ptr nume[4]
     19	0014  51				     push cx
     20	0015  A0 0005r				     mov al, nume[5]
     21	0018  8B 1E 0006r			     mov bx, word ptr nume[6]
     22	001C  8B 0E 0007r			     mov cx, word ptr nume[7]
     23	0020  88 46 00				     mov byte ptr [bp],	al
     24	0023  89 5E 02				     mov word ptr [bp +	2], bx
     25	0026  89 4E FF				     mov word ptr [bp -	1], cx
     26	0029  59				     pop cx
     27	002A  5B				     pop bx
     28	002B  58				     pop ax
     29					     ; iesire din program
     30	002C				     sfarsit:
     31	002C  B4 4C				     mov ah, 4ch     ; functia DOS de iesire in	sistemul de operare
     32	002E  CD 21				     int 21h
     33				     end
Turbo Assembler	 Version 3.0	    10/22/20 21:21:12	    Page 2
Symbol Table




Symbol Name			  Type	 Value

??DATE				  Text	 "10/22/20"
??FILENAME			  Text	 "tema2	  "
??TIME				  Text	 "21:21:12"
??VERSION			  Number 0300
@32BIT				  Text	 0
@CODE				  Text	 _TEXT
@CODESIZE			  Text	 0
@CPU				  Text	 0101H
@CURSEG				  Text	 _TEXT
@DATA				  Text	 DGROUP
@DATASIZE			  Text	 0
@FILENAME			  Text	 TEMA2
@INTERFACE			  Text	 00H
@MODEL				  Text	 2
@STACK				  Text	 DGROUP
@WORDSIZE			  Text	 2
INITIALIZARE			  Near	 _TEXT:0000
NUME				  Byte	 DGROUP:0000
SFARSIT				  Near	 _TEXT:002C
START				  Near	 _TEXT:0005

Groups & Segments		  Bit Size Align  Combine Class

DGROUP				  Group
  STACK				  16  0064 Para	  Stack	  STACK
  _DATA				  16  000F Word	  Public  DATA
_TEXT				  16  0030 Word	  Public  CODE
