Turbo Assembler	 Version 3.0	    11/19/20 12:41:07	    Page 1
2.ASM



      1	0000			     .model small
      2	0000			     .stack 100
      3	0000			     .data
      4	0000  005E		     var1 dw 5Eh
      5	0002  D6		     var2 db 0D6h
      6	0003  35 35 30 34 35	     tabc db '55045'
      7	0008			     .code
      8	0000				     program:
      9					     ; muta adresa segmentului de date in DS
     10	0000				     initializare:
     11	0000  B8 0000s				     mov ax, @data
     12	0003  8E D8				     mov ds, ax
     13	0005				     start:
     14	0005  A1 0000r				     MOV AX, var1
     15	0008  8B 1E 0002r			     MOV BX, WORD PTR var2
     16	000C  03 C3				     ADD AX, BX
     17	000E  F7 D0				     NOT AX
     18	0010  50				     PUSH AX
     19	0011  83 F3 01				     XOR BX, 01h
     20	0014  53				     PUSH BX
     21	0015  93				     XCHG AX, BX
     22	0016  25 000F				     AND AX, 0Fh
     23	0019  D1 E8 D1 E8			     SHR AX, 2h
     24	001D  3D 000A				     CMP AX, 0Ah
     25	0020  7E 01				     JLE salt
     26	0022  43				     INC BX
     27	0023  B0 00				     salt: MOV AL, 00h
     28	0025  BB 0003r				     MOV BX, offset tabc
     29	0028  D7				     XLAT
     30	0029  58				     POP AX
     31	002A  5B				     POP BX
     32					     ; iesire din program
     33	002B				     sfarsit:
     34	002B  B4 4C				     mov ah, 4Ch     ; functia DOS de iesire din program
     35	002D  CD 21				     int 21h
     36				     end program
Turbo Assembler	 Version 3.0	    11/19/20 12:41:07	    Page 2
Symbol Table




Symbol Name			  Type	 Value

??DATE				  Text	 "11/19/20"
??FILENAME			  Text	 "2	  "
??TIME				  Text	 "12:41:07"
??VERSION			  Number 0300
@32BIT				  Text	 0
@CODE				  Text	 _TEXT
@CODESIZE			  Text	 0
@CPU				  Text	 0101H
@CURSEG				  Text	 _TEXT
@DATA				  Text	 DGROUP
@DATASIZE			  Text	 0
@FILENAME			  Text	 2
@INTERFACE			  Text	 00H
@MODEL				  Text	 2
@STACK				  Text	 DGROUP
@WORDSIZE			  Text	 2
INITIALIZARE			  Near	 _TEXT:0000
PROGRAM				  Near	 _TEXT:0000
SALT				  Near	 _TEXT:0023
SFARSIT				  Near	 _TEXT:002B
START				  Near	 _TEXT:0005
TABC				  Byte	 DGROUP:0003
VAR1				  Word	 DGROUP:0000
VAR2				  Byte	 DGROUP:0002

Groups & Segments		  Bit Size Align  Combine Class

DGROUP				  Group
  STACK				  16  0064 Para	  Stack	  STACK
  _DATA				  16  0008 Word	  Public  DATA
_TEXT				  16  002F Word	  Public  CODE
