Turbo Assembler	 Version 3.0	    11/01/20 16:24:21	    Page 1
l4a2.ASM



      1	0000			     .model small
      2	0000			     .stack 100
      3	0000			     .data
      4	0000  5555			     nrHex dw 05555h
      5	0002			     .code
      6	0000				     program:
      7					     ; muta adresa segmentului de date in DS
      8	0000				     initializare:
      9	0000  B8 0000s				     mov ax, @data
     10	0003  8E D8				     mov ds, ax
     11	0005				     start:
     12	0005  B9 0004				     mov cx, 4
     13	0008  BA 0000				     mov dx, 0
     14	000B  BB 0010				     mov bx, 16
     15	000E  A1 0000r				     mov ax, nrHex
     16	0011				     salvareCifre:
     17	0011  F7 F3				     div bx
     18	0013  52				     push dx
     19	0014  E2 FB				     LOOP salvareCifre
     20	0016  B9 0004				     mov cx, 4
     21	0019  BB 000A				     mov bx, 0Ah
     22	001C				     extragereNrZecimale:
     23	001C  58				     pop ax
     24	001D  F6 F3				     div bl
     25	001F  8A D0				     mov dl, al
     26	0021  8A FC				     mov bh, ah
     27	0023  80 C2 30				     add dl, 30h
     28	0026  B4 02				     mov ah, 02h
     29	0028  80 FA 30				     cmp dl, 30h
     30	002B  74 02				     jz	skip
     31	002D  CD 21				     int 21h
     32	002F					     skip:
     33	002F  8A D7				     mov dl, bh
     34	0031  80 C2 30				     add dl, 30h
     35	0034  B4 02				     mov ah, 02h
     36	0036  CD 21				     int 21h
     37	0038  E2 E2				     LOOP extragereNrZecimale
     38	003A				     afisare:
     39
     40					     ; iesire din program
     41	003A				     sfarsit:
     42	003A  B4 4C				     mov ah, 4Ch     ; functia DOS de iesire in	sistemul de operare
     43	003C  CD 21				     int 21h
     44				     end program
Turbo Assembler	 Version 3.0	    11/01/20 16:24:21	    Page 2
Symbol Table




Symbol Name			  Type	 Value

??DATE				  Text	 "11/01/20"
??FILENAME			  Text	 "l4a2	  "
??TIME				  Text	 "16:24:21"
??VERSION			  Number 0300
@32BIT				  Text	 0
@CODE				  Text	 _TEXT
@CODESIZE			  Text	 0
@CPU				  Text	 0101H
@CURSEG				  Text	 _TEXT
@DATA				  Text	 DGROUP
@DATASIZE			  Text	 0
@FILENAME			  Text	 L4A2
@INTERFACE			  Text	 00H
@MODEL				  Text	 2
@STACK				  Text	 DGROUP
@WORDSIZE			  Text	 2
AFISARE				  Near	 _TEXT:003A
EXTRAGERENRZECIMALE		  Near	 _TEXT:001C
INITIALIZARE			  Near	 _TEXT:0000
NRHEX				  Word	 DGROUP:0000
PROGRAM				  Near	 _TEXT:0000
SALVARECIFRE			  Near	 _TEXT:0011
SFARSIT				  Near	 _TEXT:003A
SKIP				  Near	 _TEXT:002F
START				  Near	 _TEXT:0005

Groups & Segments		  Bit Size Align  Combine Class

DGROUP				  Group
  STACK				  16  0064 Para	  Stack	  STACK
  _DATA				  16  0002 Word	  Public  DATA
_TEXT				  16  003E Word	  Public  CODE
