Turbo Assembler	 Version 3.0	    11/01/20 13:45:50	    Page 1
l4a3.ASM



      1	0000			     .model small
      2	0000			     .stack 100
      3	0000			     .data
      4	0000  ??			     var db ?
      5	0001  0010			     saispe dw 16
      6	0003  30 31 32 33 34 35	36+	     tabc db '0123456789ABCDEF'
      7	      37 38 39 41 42 43	44+
      8	      45 46
      9	0013  49 6E 74 72 6F 64	75+	     msj1 db "Introdu un numar:$"
     10	      20 75 6E 20 6E 75	6D+
     11	      61 72 3A 24
     12	0025  52 65 7A 75 6C 74	61+	     msj2 db "Rezultat mai mare	de 16 biti.$"
     13	      74 20 6D 61 69 20	6D+
     14	      61 72 65 20 64 65	20+
     15	      31 36 20 62 69 74	69+
     16	      2E 24
     17	0043			     .code
     18	0000				     program:
     19					     ; muta adresa segmentului de date in DS
     20	0000				     initializare:
     21	0000  B8 0000s				     mov ax, @data
     22	0003  8E D8				     mov ds, ax
     23	0005				     start:
     24	0005  BA 0013r				     lea dx, msj1
     25	0008  B4 09				     mov ah,09H
     26	000A  CD 21				     int 21H
     27
     28	000C  B2 0A				     mov dl, 10
     29	000E  B4 02				     mov ah, 02h
     30	0010  CD 21				     int 21h
     31
     32	0012  B4 01				     mov ah, 01h
     33	0014  CD 21				     int 21h
     34	0016  8A D8				     mov bl, al
     35
     36	0018  B2 0A				     mov dl, 10
     37	001A  B4 02				     mov ah, 02h
     38	001C  CD 21				     int 21h
     39
     40	001E  8A C3				     mov al, bl
     41	0020  2C 30				     sub al, 30h
     42	0022  A2 0000r				     mov byte ptr var, al
     43	0025  8A 0E 0000r			     mov cl, var
     44	0029  B8 0001				     mov ax, 1
     45	002C				     calc_fact:
     46	002C  F7 E1				     MUL cx
     47	002E  72 23				     JC	caz_overflow
     48	0030  E2 FA				     LOOP calc_fact
     49	0032  B9 0004				     mov cx, 4
     50	0035				     salvare_in_stiva:
     51	0035  BA 0000				     MOV dx, 0
     52	0038  F7 36 0001r			     DIV saispe
     53	003C  52				     push dx
     54	003D  E2 F6				     LOOP salvare_in_stiva
     55	003F  B9 0004				     mov cx, 4
     56	0042  B3 03r				     mov bl, offset tabc
     57	0044				     afisare:
Turbo Assembler	 Version 3.0	    11/01/20 13:45:50	    Page 2
l4a3.ASM



     58	0044  5A				     pop dx
     59	0045  8A C2				     mov al, dl
     60	0047  D7				     xlat
     61	0048  8A D0				     mov dl, al
     62	004A  B4 02				     mov ah, 02h
     63	004C  CD 21				     int 21h
     64	004E  E2 F4				     LOOP afisare
     65	0050  EB 08 90				     JMP sfarsit
     66	0053				     caz_overflow:
     67	0053  BA 0025r				     lea dx, msj2
     68	0056  B4 09				     mov ah, 09h
     69	0058  CD 21				     int 21H
     70					     ; iesire din program
     71	005A				     sfarsit:
     72	005A  B4 4C				     mov ah, 4Ch     ; functia DOS de iesire in	sistemul de operare
     73	005C  CD 21				     int 21h
     74				     end program
Turbo Assembler	 Version 3.0	    11/01/20 13:45:50	    Page 3
Symbol Table




Symbol Name			  Type	 Value

??DATE				  Text	 "11/01/20"
??FILENAME			  Text	 "l4a3	  "
??TIME				  Text	 "13:45:50"
??VERSION			  Number 0300
@32BIT				  Text	 0
@CODE				  Text	 _TEXT
@CODESIZE			  Text	 0
@CPU				  Text	 0101H
@CURSEG				  Text	 _TEXT
@DATA				  Text	 DGROUP
@DATASIZE			  Text	 0
@FILENAME			  Text	 L4A3
@INTERFACE			  Text	 00H
@MODEL				  Text	 2
@STACK				  Text	 DGROUP
@WORDSIZE			  Text	 2
AFISARE				  Near	 _TEXT:0044
CALC_FACT			  Near	 _TEXT:002C
CAZ_OVERFLOW			  Near	 _TEXT:0053
INITIALIZARE			  Near	 _TEXT:0000
MSJ1				  Byte	 DGROUP:0013
MSJ2				  Byte	 DGROUP:0025
PROGRAM				  Near	 _TEXT:0000
SAISPE				  Word	 DGROUP:0001
SALVARE_IN_STIVA		  Near	 _TEXT:0035
SFARSIT				  Near	 _TEXT:005A
START				  Near	 _TEXT:0005
TABC				  Byte	 DGROUP:0003
VAR				  Byte	 DGROUP:0000

Groups & Segments		  Bit Size Align  Combine Class

DGROUP				  Group
  STACK				  16  0064 Para	  Stack	  STACK
  _DATA				  16  0043 Word	  Public  DATA
_TEXT				  16  005E Word	  Public  CODE
