Turbo Assembler	 Version 3.0	    11/01/20 16:42:53	    Page 1
qm.ASM



      1	0000			     .model small
      2	0000			     .stack
      3	0000			     .data
      4	0000  1111A25B			     v dd 1111A25Bh
      5	0004			     .code
      6	0000  B8 0000s			     mov AX,@data
      7	0003  8E D8			     mov DS,AX
      8	0005  B9 0000			     mov CX,0
      9	0008  BB 000A			     mov BX,10;	0Ah
     10	000B  8B 16 0002r		     mov DX,word ptr [V+2]
     11	000F  A1 0000r			     mov AX,word ptr [v]
     12	0012  F7 F3		     et:     div BX
     13	0014  52			     push DX
     14	0015  BA 0000			     mov DX,0
     15	0018  83 C1 01			     ADD CX,1
     16	001B  3D 0000			     cmp AX,0
     17	001E  75 F2			     jnz et
     18	0020  5A		     et2:    pop DX
     19	0021  83 C2 30			     ADD DX,'0'
     20	0024  B4 02			     mov AH,02h
     21	0026  CD 21			     int 21h
     22	0028  E2 F6			     LOOP et2
     23	002A  B4 4C			     mov AH,4Ch
     24	002C  CD 21			     int 21h
     25				     end
Turbo Assembler	 Version 3.0	    11/01/20 16:42:53	    Page 2
Symbol Table




Symbol Name			  Type	 Value

??DATE				  Text	 "11/01/20"
??FILENAME			  Text	 "qm	  "
??TIME				  Text	 "16:42:53"
??VERSION			  Number 0300
@32BIT				  Text	 0
@CODE				  Text	 _TEXT
@CODESIZE			  Text	 0
@CPU				  Text	 0101H
@CURSEG				  Text	 _TEXT
@DATA				  Text	 DGROUP
@DATASIZE			  Text	 0
@FILENAME			  Text	 QM
@INTERFACE			  Text	 00H
@MODEL				  Text	 2
@STACK				  Text	 DGROUP
@WORDSIZE			  Text	 2
ET				  Near	 _TEXT:0012
ET2				  Near	 _TEXT:0020
V				  Dword	 DGROUP:0000

Groups & Segments		  Bit Size Align  Combine Class

DGROUP				  Group
  STACK				  16  0400 Para	  Stack	  STACK
  _DATA				  16  0004 Word	  Public  DATA
_TEXT				  16  002E Word	  Public  CODE
