Turbo Assembler	 Version 3.0	    11/01/20 13:59:47	    Page 1
l3a4.ASM



      1	0000			     .model small
      2	0000			     .stack 100
      3	0000			     .data
      4
      5	0000			     .code
      6					     ; muta adresa segmentului de date in DS
      7	0000				     initializare:
      8	0000  B8 0000s				     mov ax, @data
      9	0003  8E D8				     mov ds, ax
     10	0005				     start:
     11	0005  B9 1234				     mov cx, 1234h
     12	0008  51				     push cx
     13	0009  BB 2359				     mov bx, 2359h
     14	000C  53				     push bx
     15	000D  B8 4257				     mov ax, 4257h
     16	0010  8B EC				     mov bp, sp
     17	0012  88 46 00				     mov byte ptr [bp],	al
     18	0015  58				     pop ax				     ; ax = 2357h
     19					     ; iesire din program
     20	0016				     sfarsit:
     21	0016  B4 4C				     mov ah, 4ch     ; functia DOS de iesire in	sistemul de operare
     22	0018  CD 21				     int 21h
     23				     end
Turbo Assembler	 Version 3.0	    11/01/20 13:59:47	    Page 2
Symbol Table




Symbol Name			  Type	 Value

??DATE				  Text	 "11/01/20"
??FILENAME			  Text	 "l3a4	  "
??TIME				  Text	 "13:59:47"
??VERSION			  Number 0300
@32BIT				  Text	 0
@CODE				  Text	 _TEXT
@CODESIZE			  Text	 0
@CPU				  Text	 0101H
@CURSEG				  Text	 _TEXT
@DATA				  Text	 DGROUP
@DATASIZE			  Text	 0
@FILENAME			  Text	 L3A4
@INTERFACE			  Text	 00H
@MODEL				  Text	 2
@STACK				  Text	 DGROUP
@WORDSIZE			  Text	 2
INITIALIZARE			  Near	 _TEXT:0000
SFARSIT				  Near	 _TEXT:0016
START				  Near	 _TEXT:0005

Groups & Segments		  Bit Size Align  Combine Class

DGROUP				  Group
  STACK				  16  0064 Para	  Stack	  STACK
  _DATA				  16  0000 Word	  Public  DATA
_TEXT				  16  001A Word	  Public  CODE
