Turbo Assembler	 Version 3.0	    10/29/20 17:40:10	    Page 1
L3E1.ASM



      1	0000			     .model small
      2	0000			     .stack 100
      3	0000			     .data
      4
      5	0000			     .code
      6					     ; muta adresa segmentului de date in DS
      7	0000				     initializare:
      8	0000  B8 0000s				     MOV ax, @data
      9	0003  8E D8				     MOV ds, ax
     10	0005				     start:
     11	0005				     instructiunea_ADD:
     12						     ; ADD - aduna
     13						     ; ADD dest, sursa
     14						     ; dest <- dest + sursa
     15	0005  B8 0002				     MOV ax, 02h;
     16	0008  BB 0005				     MOV bx, 05h;
     17	000B  03 C3				     ADD ax, bx;       ; AX = AX(02h) +	BX(05h)	=> AX =	07h
     18	000D				     instructiunea_ADC:
     19	000D  B8 00FF				     MOV ax, 0FFh;
     20	0010  BB 0001				     MOV bx, 1;
     21						     ; ADC (ADD	with Carry)
     22						     ; ADC dest, sursa
     23						     ; dest <- dest + sursa + CF (Carry	Flag)
     24	0013  13 C3				     ADC ax, bx
     25	0015  B8 00FF				     MOV ax, 0FFh;
     26	0018  BB 0002				     MOV bx, 2;
     27						     ; ADC (ADD	with Carry)
     28						     ; ADC dest, sursa
     29						     ; dest <- dest + sursa + CF (Carry	Flag)
     30	001B  12 C3				     ADC al, Bl
     31	001D  14 00				     ADC al, 0
     32	001F  14 00				     ADC al, 0
     33	0021				     instructiunea_INC:
     34						     ; INC (Increment) - incrementeaza
     35						     ; INC dest
     36						     ; INC dest	<- dest	+ 1
     37	0021  FE C2				     INC dl
     38	0023  FE C2				     INC dl
     39	0025  FE C2				     INC dl
     40	0027				     instructiunea_DAA:
     41						     ; DAA (Decimal Adjust for Addition)
     42						     ;	- corectie zecimala a acumulatorului AL,
     43						     ;	  dupa adunare de tip BCD impachetat
     44	0027  B8 0019				     MOV ax, 19h
     45	002A  BB 0012				     MOV bx, 12h
     46	002D  03 C3				     ADD ax, bx
     47	002F  27				     DAA
     48	0030				     instructiunea_AAA:
     49						     ; AAA (ASCII Adjust for Addition)
     50						     ;	- corectie zecimala a acumulatorului AX,
     51						     ;	  dupa adunare de tip BCD despachetat
     52	0030  B8 0109				     MOV ax, 0109h
     53	0033  BB 0102				     MOV bx, 0102h
     54	0036  03 C3				     ADD ax, bx
     55	0038  37				     AAA
     56	0039				     instructiunea_SUB:
     57						     ; SUB (Substract) - Scadere
Turbo Assembler	 Version 3.0	    10/29/20 17:40:10	    Page 2
L3E1.ASM



     58						     ; SUB dest, sursa
     59						     ; dest <- dest - sursa
     60	0039  B8 0007				     MOV ax, 0007h
     61	003C  BB 0005				     MOV bx, 0005h
     62	003F  2B C3				     SUB ax, bx
     63	0041  B8 0001				     MOV ax, 0001h
     64	0044  BB 0001				     MOV bx, 0001h
     65	0047  2B C3				     SUB ax, bx
     66	0049  2B C3				     SUB ax, bx
     67	004B				     instructiunea_SBB:
     68						     ; SBB (Substract with Borrow)
     69						     ; SUB dest, sursa
     70						     ; dest <- dest - sursa - CFG
     71	004B  B8 0001				     MOV ax, 0001h
     72	004E  BB 0001				     MOV bx, 0001h
     73	0051  1B C3				     SBB ax, bx
     74	0053  1B C3				     SBB ax, bx
     75	0055  1B C3				     SBB ax, bx
     76	0057  1B C3				     SBB ax, bx
     77	0059				     instructiunea_DEC:
     78						     ; DEC (Decrement)
     79						     ; DEC dest
     80						     ; dest <- dest - 1
     81	0059  B8 0003				     MOV ax, 3h
     82	005C  48				     DEC ax
     83	005D  48				     DEC ax
     84	005E  48				     DEC ax
     85	005F  48				     DEC ax
     86	0060				     instructiunea_NEG:
     87						     ; NEG (Negate) - Negare
     88						     ; NEG dest
     89	0060  B8 003B				     MOV ax, 59
     90						     ; dest <- 0 - dest
     91	0063  F6 D8				     NEG al
     92	0065  F7 D8				     NEG ax
     93	0067				     instructiunea_CMP:
     94						     ; CMP (Compare) - Compara
     95						     ; CMP dest, sursa
     96						     ; Executa (dest - sursa) fara a modifica operanzii
     97						     ; insa se modifica	bistabilii de conditie (FLAGS)
     98	0067  B8 0058				     MOV ax, 58h
     99	006A  3D 0058				     CMP ax, 58h
    100	006D				     instructiunea_DAS:
    101						     ; DAS (Decimal Adjust for Substraction)
    102						     ;	- corectie zecimala a acumulatorului AL,
    103						     ;	  dupa scadere de tip BCD impachetat
    104	006D  B8 0032				     MOV ax, 32h
    105	0070  BB 0014				     MOV bx, 14h
    106	0073  2B C3				     SUB ax, bx
    107	0075  2F				     DAS
    108	0076				     instructiunea_AAS:
    109						     ; AAS (ASCII Adjust for Substraction)
    110						     ;	- corectie zecimala a acumulatorului AX,
    111						     ;	  dupa scadere de tip BCD despachetat
    112	0076  B8 0302				     MOV ax, 0302h
    113	0079  BB 0104				     MOV bx, 0104h
    114	007C  2B C3				     SUB ax, bx
Turbo Assembler	 Version 3.0	    10/29/20 17:40:10	    Page 3
L3E1.ASM



    115	007E  3F				     AAS
    116					     ; iesire din program
    117	007F				     sfarsit:
    118	007F  B4 4C				     MOV ah, 4ch     ; functia DOS de iesire
    119								     ; in sistemul de operare
    120	0081  CD 21				     INT 21h
    121				     end
Turbo Assembler	 Version 3.0	    10/29/20 17:40:10	    Page 4
Symbol Table




Symbol Name			  Type	 Value

??DATE				  Text	 "10/29/20"
??FILENAME			  Text	 "L3E1	  "
??TIME				  Text	 "17:40:10"
??VERSION			  Number 0300
@32BIT				  Text	 0
@CODE				  Text	 _TEXT
@CODESIZE			  Text	 0
@CPU				  Text	 0101H
@CURSEG				  Text	 _TEXT
@DATA				  Text	 DGROUP
@DATASIZE			  Text	 0
@FILENAME			  Text	 L3E1
@INTERFACE			  Text	 00H
@MODEL				  Text	 2
@STACK				  Text	 DGROUP
@WORDSIZE			  Text	 2
INITIALIZARE			  Near	 _TEXT:0000
INSTRUCTIUNEA_AAA		  Near	 _TEXT:0030
INSTRUCTIUNEA_AAS		  Near	 _TEXT:0076
INSTRUCTIUNEA_ADC		  Near	 _TEXT:000D
INSTRUCTIUNEA_ADD		  Near	 _TEXT:0005
INSTRUCTIUNEA_CMP		  Near	 _TEXT:0067
INSTRUCTIUNEA_DAA		  Near	 _TEXT:0027
INSTRUCTIUNEA_DAS		  Near	 _TEXT:006D
INSTRUCTIUNEA_DEC		  Near	 _TEXT:0059
INSTRUCTIUNEA_INC		  Near	 _TEXT:0021
INSTRUCTIUNEA_NEG		  Near	 _TEXT:0060
INSTRUCTIUNEA_SBB		  Near	 _TEXT:004B
INSTRUCTIUNEA_SUB		  Near	 _TEXT:0039
SFARSIT				  Near	 _TEXT:007F
START				  Near	 _TEXT:0005

Groups & Segments		  Bit Size Align  Combine Class

DGROUP				  Group
  STACK				  16  0064 Para	  Stack	  STACK
  _DATA				  16  0000 Word	  Public  DATA
_TEXT				  16  0083 Word	  Public  CODE
