Turbo Assembler	 Version 3.0	    10/22/20 16:38:19	    Page 1
l2e7.asm



      1	0000			     .model small
      2	0000			     .stack 100
      3	0000			     .data
      4	0000  14			     alfa db 14h
      5	0001  A1 0A AF 13 0F 03		     tabel db 0A1h, 10,	0AFh, 23o, 1111b, 0011b
      6	0007			     .code
      7					     ; Muta adresa segmentului de date in registrul DS
      8	0000				     start:
      9	0000  B8 0000s				     mov ax, @data
     10	0003  8E D8				     mov ds, ax
     11	0005  BB 0001r				     lea bx, tabel
     12	0008  BE 0003				     mov si, 3
     13	000B  8A 00				     mov al, [bx][si]
     14						     ; Raspuns - In al se va stoca valoarea 23o, adica 13h
     15	000D				     sfarsit:
     16	000D  B4 4C				     mov ah, 4Ch      ;	Functia	DOS de iesire din sistemul de operare
     17	000F  CD 21				     int 21h
     18					     end start
Turbo Assembler	 Version 3.0	    10/22/20 16:38:19	    Page 2
Symbol Table




Symbol Name			  Type	 Value

??DATE				  Text	 "10/22/20"
??FILENAME			  Text	 "l2e7	  "
??TIME				  Text	 "16:38:19"
??VERSION			  Number 0300
@32BIT				  Text	 0
@CODE				  Text	 _TEXT
@CODESIZE			  Text	 0
@CPU				  Text	 0101H
@CURSEG				  Text	 _TEXT
@DATA				  Text	 DGROUP
@DATASIZE			  Text	 0
@FILENAME			  Text	 L2E7
@INTERFACE			  Text	 00H
@MODEL				  Text	 2
@STACK				  Text	 DGROUP
@WORDSIZE			  Text	 2
ALFA				  Byte	 DGROUP:0000
SFARSIT				  Near	 _TEXT:000D
START				  Near	 _TEXT:0000
TABEL				  Byte	 DGROUP:0001

Groups & Segments		  Bit Size Align  Combine Class

DGROUP				  Group
  STACK				  16  0064 Para	  Stack	  STACK
  _DATA				  16  0007 Word	  Public  DATA
_TEXT				  16  0011 Word	  Public  CODE
