Turbo Assembler	 Version 3.0	    12/08/20 17:03:48	    Page 1
l8a1v2.ASM



      1	0000			     .model small
      2	0000			     .stack 100
      3	0000			     .data
      4	0000  49 6E 74 72 6F 64	75+	     sir1 db 'Introduceti 4 cifre:$'
      5	      63 65 74 69 20 34	20+
      6	      63 69 66 72 65 3A	24
      7	0015  ????????			     nr	 dd ?
      8	0019  ??			     rezultat db ?
      9	001A			     .code
     10	0000				     program:
     11	0000				     numara proc near
     12	0000  55				     push bp
     13	0001  8B EC				     mov bp, sp
     14	0003  8B 7E 04				     mov di, [bp + 4]
     15	0006  8A 85 0015r			     mov al, byte ptr [nr + di]
     16	000A					     bucla:
     17	000A  3C 00					     cmp al, 0
     18	000C  74 09					     jz	sfarsit_numara
     19	000E  D0 E0					     shl al, 1
     20	0010  80 16 0019r 00				     adc rezultat, 0
     21	0015  EB F3					     jmp bucla
     22	0017					     sfarsit_numara:
     23	0017  5D					     pop bp
     24	0018  C3					     ret
     25	0019				     numara endp
     26	0019				     citire_ch proc near
     27	0019  B4 01				     mov ah, 1
     28	001B  CD 21				     int 21h
     29	001D  2C 30				     sub al, 30h ;'0'
     30	001F  C3				     ret
     31	0020				     citire_ch endp
     32	0020				     initializare:
     33	0020  B8 0000s				     mov ax, @data
     34	0023  8E D8				     mov ds, ax
     35	0025  B9 0004				     mov cx, 4
     36	0028				     start:
     37	0028  E8 FFEE				     call citire_ch
     38	002B  8B D9				     mov bx, cx
     39	002D  88 87 0014r			     mov byte ptr nr[bx	- 1], al
     40	0031  E2 F5				     loop start
     41	0033  B0 00				     mov al, 0
     42	0035  50 55 8B EC C7 46	02+		     push 0
     43	      0000 5D
     44	003F  E8 FFBE				     call numara
     45	0042  50 55 8B EC C7 46	02+		     push 1
     46	      0001 5D
     47	004C  E8 FFB1				     call numara
     48	004F  50 55 8B EC C7 46	02+		     push 2
     49	      0002 5D
     50	0059  E8 FFA4				     call numara
     51	005C  50 55 8B EC C7 46	02+		     push 3
     52	      0003 5D
     53	0066  E8 FF97				     call numara
     54					     ; iesire din program
     55	0069				     sfarsit:
     56	0069  B4 4C				     mov ah, 4Ch     ; functia DOS de iesire din program
     57	006B  CD 21				     int 21h
Turbo Assembler	 Version 3.0	    12/08/20 17:03:48	    Page 2
l8a1v2.ASM



     58				     end initializare
Turbo Assembler	 Version 3.0	    12/08/20 17:03:48	    Page 3
Symbol Table




Symbol Name			  Type	 Value

??DATE				  Text	 "12/08/20"
??FILENAME			  Text	 "l8a1v2  "
??TIME				  Text	 "17:03:48"
??VERSION			  Number 0300
@32BIT				  Text	 0
@CODE				  Text	 _TEXT
@CODESIZE			  Text	 0
@CPU				  Text	 0101H
@CURSEG				  Text	 _TEXT
@DATA				  Text	 DGROUP
@DATASIZE			  Text	 0
@FILENAME			  Text	 L8A1V2
@INTERFACE			  Text	 00H
@MODEL				  Text	 2
@STACK				  Text	 DGROUP
@WORDSIZE			  Text	 2
BUCLA				  Near	 _TEXT:000A
CITIRE_CH			  Near	 _TEXT:0019
INITIALIZARE			  Near	 _TEXT:0020
NR				  Dword	 DGROUP:0015
NUMARA				  Near	 _TEXT:0000
PROGRAM				  Near	 _TEXT:0000
REZULTAT			  Byte	 DGROUP:0019
SFARSIT				  Near	 _TEXT:0069
SFARSIT_NUMARA			  Near	 _TEXT:0017
SIR1				  Byte	 DGROUP:0000
START				  Near	 _TEXT:0028

Groups & Segments		  Bit Size Align  Combine Class

DGROUP				  Group
  STACK				  16  0064 Para	  Stack	  STACK
  _DATA				  16  001A Word	  Public  DATA
_TEXT				  16  006D Word	  Public  CODE
