Turbo Assembler	 Version 3.0	    12/07/20 23:18:23	    Page 1
l8a1.ASM



      1	0000			     .model small
      2	0000			     .stack 100
      3	0000			     .data
      4	0000  49 6E 74 72 6F 64	75+	     sir1 db 'Introduceti 4 cifre:$'
      5	      63 65 74 69 20 34	20+
      6	      63 69 66 72 65 3A	24
      7	0015  ????????			     nr	 dd ?
      8	0019			     .code
      9	0000				     program:
     10	0000				     numara proc near
     11	0000  55				     push bp
     12	0001  8B EC				     mov bp, sp
     13	0003  8B 7E 04				     mov di, [bp + 4]
     14	0006  B9 0008				     mov cx, 8
     15	0009					     bucla:
     16	0009  D0 A5 0015r				     shl byte ptr [nr +	di], 1
     17	000D  14 00					     adc al, 0
     18	000F  E2 F8					     loop bucla
     19	0011  5D				     pop bp
     20	0012  C3				     ret
     21	0013				     numara endp
     22	0013				     initializare:
     23	0013  B8 0000s				     mov ax, @data
     24	0016  8E D8				     mov ds, ax
     25	0018  B9 0004				     mov cx, 4
     26	001B				     start:
     27	001B  B4 01				     mov ah, 1
     28	001D  CD 21				     int 21h
     29	001F  2C 30				     sub al, '0'
     30	0021  8B D9				     mov bx, cx
     31	0023  88 87 0014r			     mov byte ptr nr[bx	- 1], al
     32	0027  E2 F2				     loop start
     33	0029  B0 00				     mov al, 0
     34	002B  50 55 8B EC C7 46	02+		     push 0
     35	      0000 5D
     36	0035  E8 FFC8				     call numara
     37	0038  50 55 8B EC C7 46	02+		     push 1
     38	      0001 5D
     39	0042  E8 FFBB				     call numara
     40	0045  50 55 8B EC C7 46	02+		     push 2
     41	      0002 5D
     42	004F  E8 FFAE				     call numara
     43	0052  50 55 8B EC C7 46	02+		     push 3
     44	      0003 5D
     45	005C  E8 FFA1				     call numara
     46					     ; iesire din program
     47	005F				     sfarsit:
     48	005F  B4 4C				     mov ah, 4Ch     ; functia DOS de iesire din program
     49	0061  CD 21				     int 21h
     50				     end initializare
Turbo Assembler	 Version 3.0	    12/07/20 23:18:23	    Page 2
Symbol Table




Symbol Name			  Type	 Value

??DATE				  Text	 "12/07/20"
??FILENAME			  Text	 "l8a1	  "
??TIME				  Text	 "23:18:23"
??VERSION			  Number 0300
@32BIT				  Text	 0
@CODE				  Text	 _TEXT
@CODESIZE			  Text	 0
@CPU				  Text	 0101H
@CURSEG				  Text	 _TEXT
@DATA				  Text	 DGROUP
@DATASIZE			  Text	 0
@FILENAME			  Text	 L8A1
@INTERFACE			  Text	 00H
@MODEL				  Text	 2
@STACK				  Text	 DGROUP
@WORDSIZE			  Text	 2
BUCLA				  Near	 _TEXT:0009
INITIALIZARE			  Near	 _TEXT:0013
NR				  Dword	 DGROUP:0015
NUMARA				  Near	 _TEXT:0000
PROGRAM				  Near	 _TEXT:0000
SFARSIT				  Near	 _TEXT:005F
SIR1				  Byte	 DGROUP:0000
START				  Near	 _TEXT:001B

Groups & Segments		  Bit Size Align  Combine Class

DGROUP				  Group
  STACK				  16  0064 Para	  Stack	  STACK
  _DATA				  16  0019 Word	  Public  DATA
_TEXT				  16  0063 Word	  Public  CODE
