Turbo Assembler	 Version 3.0	    12/11/20 10:54:49	    Page 1
l8c5.ASM



      1	0000			     .model small
      2	0000			     .stack 100
      3	0000			     .data
      4	0000  00012345			     n1	 dd 12345h
      5	0004  00054321			     n2	 dd 54321h
      6	0008  ????????			     rez dd ?
      7	000C			     .code
      8	0000				     program:
      9	0000				     aduna proc	far
     10	0000  55				     push bp
     11	0001  8B EC				     mov bp, sp
     12	0003  8B 46 0A				     mov ax, [bp + 10]
     13	0006  03 46 06				     add ax, [bp + 6]
     14	0009  8B 56 0C				     mov dx, [bp + 12]
     15	000C  13 56 08				     adc dx, [bp + 8]
     16	000F  5D				     pop bp
     17	0010  CB				     ret
     18	0011				     aduna endp
     19	0011				     initializare:
     20	0011  B8 0000s				     mov ax, @data
     21	0014  8E D8				     mov ds, ax
     22	0016				     start:
     23	0016  FF 36 0002r			     push word ptr n1 +	2
     24	001A  FF 36 0000r			     push word ptr n1
     25	001E  FF 36 0006r			     push word ptr n2 +	2
     26	0022  FF 36 0004r			     push word ptr n2
     27	0026  0E E8 FFD6			     call far ptr aduna
     28	002A  83 C4 08				     add sp, 8
     29	002D  A3 0008r				     mov word ptr rez, ax
     30	0030  89 16 000Ar			     mov word ptr rez +	2, dx
     31					     ; iesire din program
     32	0034				     sfarsit:
     33	0034  B4 4C				     mov ah, 4Ch     ; functia DOS de iesire din program
     34	0036  CD 21				     int 21h
     35				     end initializare
Turbo Assembler	 Version 3.0	    12/11/20 10:54:49	    Page 2
Symbol Table




Symbol Name			  Type	 Value

??DATE				  Text	 "12/11/20"
??FILENAME			  Text	 "l8c5	  "
??TIME				  Text	 "10:54:49"
??VERSION			  Number 0300
@32BIT				  Text	 0
@CODE				  Text	 _TEXT
@CODESIZE			  Text	 0
@CPU				  Text	 0101H
@CURSEG				  Text	 _TEXT
@DATA				  Text	 DGROUP
@DATASIZE			  Text	 0
@FILENAME			  Text	 L8C5
@INTERFACE			  Text	 00H
@MODEL				  Text	 2
@STACK				  Text	 DGROUP
@WORDSIZE			  Text	 2
ADUNA				  Far	 _TEXT:0000
INITIALIZARE			  Near	 _TEXT:0011
N1				  Dword	 DGROUP:0000
N2				  Dword	 DGROUP:0004
PROGRAM				  Near	 _TEXT:0000
REZ				  Dword	 DGROUP:0008
SFARSIT				  Near	 _TEXT:0034
START				  Near	 _TEXT:0016

Groups & Segments		  Bit Size Align  Combine Class

DGROUP				  Group
  STACK				  16  0064 Para	  Stack	  STACK
  _DATA				  16  000C Word	  Public  DATA
_TEXT				  16  0038 Word	  Public  CODE
