Turbo Assembler	 Version 3.0	    12/07/20 22:05:48	    Page 1
l8e1.ASM



      1	0000			     .model small
      2	0000			     .stack 100
      3	0000			     .data
      4	0000  00012345			     n1	 dd 12345h
      5	0004  00054321			     n2	 dd 54321h
      6	0008  ????????			     rez dd ?
      7	000C			     .code
      8	0000				     program:
      9	0000				     aduna proc	near
     10	0000  03 C3				     add ax, bx
     11	0002  13 D1				     adc dx, cx
     12	0004  C3				     ret
     13	0005				     aduna endp
     14	0005				     initializare:
     15	0005  B8 0000s				     mov ax, @data
     16	0008  8E D8				     mov ds, ax
     17	000A				     start:
     18	000A  A1 0000r				     mov ax, word ptr n1
     19	000D  8B 16 0002r			     mov dx, word ptr n1 + 2
     20	0011  8B 1E 0004r			     mov bx, word ptr n2
     21	0015  8B 0E 0006r			     mov cx, word ptr n2 + 2
     22	0019  E8 FFE4				     call near ptr aduna
     23	001C  A3 0008r				     mov word ptr rez, ax
     24	001F  89 16 000Ar			     mov word ptr rez +	2, dx
     25					     ; iesire din program
     26	0023				     sfarsit:
     27	0023  B4 4C				     mov ah, 4Ch     ; functia DOS de iesire din program
     28	0025  CD 21				     int 21h
     29				     end initializare
Turbo Assembler	 Version 3.0	    12/07/20 22:05:48	    Page 2
Symbol Table




Symbol Name			  Type	 Value

??DATE				  Text	 "12/07/20"
??FILENAME			  Text	 "l8e1	  "
??TIME				  Text	 "22:05:48"
??VERSION			  Number 0300
@32BIT				  Text	 0
@CODE				  Text	 _TEXT
@CODESIZE			  Text	 0
@CPU				  Text	 0101H
@CURSEG				  Text	 _TEXT
@DATA				  Text	 DGROUP
@DATASIZE			  Text	 0
@FILENAME			  Text	 L8E1
@INTERFACE			  Text	 00H
@MODEL				  Text	 2
@STACK				  Text	 DGROUP
@WORDSIZE			  Text	 2
ADUNA				  Near	 _TEXT:0000
INITIALIZARE			  Near	 _TEXT:0005
N1				  Dword	 DGROUP:0000
N2				  Dword	 DGROUP:0004
PROGRAM				  Near	 _TEXT:0000
REZ				  Dword	 DGROUP:0008
SFARSIT				  Near	 _TEXT:0023
START				  Near	 _TEXT:000A

Groups & Segments		  Bit Size Align  Combine Class

DGROUP				  Group
  STACK				  16  0064 Para	  Stack	  STACK
  _DATA				  16  000C Word	  Public  DATA
_TEXT				  16  0027 Word	  Public  CODE
