Turbo Assembler	 Version 3.0	    12/10/20 16:33:12	    Page 1
L8E4.ASM



      1	0000			     .model small
      2	0000			     .stack 100
      3	0000			     .data
      4	0000  00012345			     n1	 dd 12345h
      5	0004  00054321			     n2	 dd 54321h
      6	0008  ????????			     rez dd ?
      7	*00C				     sablon struc
      8	*000  01*(????)				     _bp dw ?
      9	*002  01*(????)				     _ip dw ?
     10	*004  01*(????)				     n2_low dw ?
     11	*006  01*(????)				     n2_high dw	?
     12	*008  01*(????)				     n1_low dw ?
     13	*00A  01*(????)				     n1_high dw	?
     14	*00C				     sablon ends
     15	000C			     .code
     16	0000				     program:
     17	0000				     aduna proc	near
     18	0000  55				     push bp
     19	0001  8B EC				     mov bp, sp
     20	0003  8B 46 08				     mov ax, [bp].n1_low
     21	0006  03 46 04				     add ax, [bp].n2_low
     22	0009  8B 56 0A				     mov dx, [bp].n1_high
     23	000C  13 56 06				     adc dx, [bp].n2_high
     24	000F  5D				     pop bp
     25	0010  C3				     ret
     26	0011				     aduna endp
     27	0011				     initializare:
     28	0011  B8 0000s				     mov ax, @data
     29	0014  8E D8				     mov ds, ax
     30	0016				     start:
     31	0016  FF 36 0002r			     push word ptr n1 +	2
     32	001A  FF 36 0000r			     push word ptr n1
     33	001E  FF 36 0006r			     push word ptr n2 +	2
     34	0022  FF 36 0004r			     push word ptr n2
     35	0026  E8 FFD7				     call near ptr aduna
     36	0029  83 C4 08				     add sp, 8
     37	002C  A3 0008r				     mov word ptr rez, ax
     38	002F  89 16 000Ar			     mov word ptr rez +	2, dx
     39					     ; iesire din program
     40	0033				     sfarsit:
     41	0033  B4 4C				     mov ah, 4Ch     ; functia DOS de iesire din program
     42	0035  CD 21				     int 21h
     43				     end initializare
Turbo Assembler	 Version 3.0	    12/10/20 16:33:12	    Page 2
Symbol Table




Symbol Name			  Type	 Value

??DATE				  Text	 "12/10/20"
??FILENAME			  Text	 "L8E4	  "
??TIME				  Text	 "16:33:12"
??VERSION			  Number 0300
@32BIT				  Text	 0
@CODE				  Text	 _TEXT
@CODESIZE			  Text	 0
@CPU				  Text	 0101H
@CURSEG				  Text	 _TEXT
@DATA				  Text	 DGROUP
@DATASIZE			  Text	 0
@FILENAME			  Text	 L8E4
@INTERFACE			  Text	 00H
@MODEL				  Text	 2
@STACK				  Text	 DGROUP
@WORDSIZE			  Text	 2
ADUNA				  Near	 _TEXT:0000
INITIALIZARE			  Near	 _TEXT:0011
N1				  Dword	 DGROUP:0000
N2				  Dword	 DGROUP:0004
PROGRAM				  Near	 _TEXT:0000
REZ				  Dword	 DGROUP:0008
SFARSIT				  Near	 _TEXT:0033
START				  Near	 _TEXT:0016

Structure Name			  Type	Offset

SABLON
 _BP				  Word	 0000
 _IP				  Word	 0002
 N2_LOW				  Word	 0004
 N2_HIGH			  Word	 0006
 N1_LOW				  Word	 0008
 N1_HIGH			  Word	 000A

Groups & Segments		  Bit Size Align  Combine Class

DGROUP				  Group
  STACK				  16  0064 Para	  Stack	  STACK
  _DATA				  16  000C Word	  Public  DATA
_TEXT				  16  0037 Word	  Public  CODE
